// Jest Snapshot v1, https://goo.gl/fbAQLP

exports[`review section snapshot tests course page test 1`] = `undefined`;

exports[`review section snapshot tests professor page test 1`] = `undefined`;
