// Jest Snapshot v1, https://goo.gl/fbAQLP

exports[`Create Review Page tests should render 1`] = `
Object {
  "asFragment": [Function],
  "baseElement": <body>
    <div>
      <h1>
        Write a Review
      </h1>
      <form
        class="ui form"
      >
        <div
          class="ui error message"
        >
          <div
            class="content"
          >
            <div
              class="header"
            >
              Error
            </div>
          </div>
        </div>
        <div
          class="six wide field"
        >
          <label
            for="form-input-professor"
          >
            Professor
          </label>
          <div
            class="ui fluid search"
          >
            <div
              class="ui icon input"
            >
              <input
                aria-invalid="true"
                autocomplete="off"
                class="prompt"
                id="form-input-professor"
                name="professor"
                tabindex="0"
                type="text"
                value=""
              />
              <i
                aria-hidden="true"
                class="search icon"
              />
            </div>
            <div
              class="results transition"
            >
              <div
                class="message empty"
              >
                <div
                  class="header"
                >
                  No professors found
                </div>
              </div>
            </div>
          </div>
        </div>
        <div
          class="ui section divider"
        />
        <div
          class="field"
        >
          <label
            for="form-input-content"
          >
            Content
          </label>
          <textarea
            aria-invalid="true"
            aria-label="Content"
            id="form-input-content"
            name="content"
            rows="8"
          />
        </div>
        <div
          class="field"
        >
          <label
            for="form-input-workload"
          >
            Workload
          </label>
          <textarea
            aria-invalid="true"
            aria-label="Workload"
            id="form-input-workload"
            name="workload"
            rows="8"
          />
        </div>
        <div
          class="inline unstackable equal width fields"
        >
          <div
            class="field"
          >
            <div
              class="ui radio checkbox"
            >
              <input
                class="hidden"
                id="evaluation-radio-button-1"
                name="evaluation"
                readonly=""
                tabindex="0"
                type="radio"
                value="1"
              />
              <label
                for="evaluation-radio-button-1"
              >
                One of the worst experiences at Columbia. Avoid at all costs
              </label>
            </div>
          </div>
          <div
            class="field"
          >
            <div
              class="ui radio checkbox"
            >
              <input
                class="hidden"
                id="evaluation-radio-button-2"
                name="evaluation"
                readonly=""
                tabindex="0"
                type="radio"
                value="2"
              />
              <label
                for="evaluation-radio-button-2"
              >
                Strong negative experience. Take only if necessary
              </label>
            </div>
          </div>
          <div
            class="field"
          >
            <div
              class="ui radio checkbox"
            >
              <input
                class="hidden"
                id="evaluation-radio-button-3"
                name="evaluation"
                readonly=""
                tabindex="0"
                type="radio"
                value="3"
              />
              <label
                for="evaluation-radio-button-3"
              >
                Both negatives and positives much like life itself
              </label>
            </div>
          </div>
          <div
            class="field"
          >
            <div
              class="ui radio checkbox"
            >
              <input
                class="hidden"
                id="evaluation-radio-button-4"
                name="evaluation"
                readonly=""
                tabindex="0"
                type="radio"
                value="4"
              />
              <label
                for="evaluation-radio-button-4"
              >
                Strong positive experience. Take if possible
              </label>
            </div>
          </div>
          <div
            class="field"
          >
            <div
              class="ui radio checkbox"
            >
              <input
                class="hidden"
                id="evaluation-radio-button-5"
                name="evaluation"
                readonly=""
                tabindex="0"
                type="radio"
                value="5"
              />
              <label
                for="evaluation-radio-button-5"
              >
                A Columbia gem. Life-changing moments await
              </label>
            </div>
          </div>
        </div>
        <button
          class="ui button"
          name="confirmModal"
          type="button"
        >
          SUBMIT
        </button>
      </form>
    </div>
  </body>,
  "container": <div>
    <h1>
      Write a Review
    </h1>
    <form
      class="ui form"
    >
      <div
        class="ui error message"
      >
        <div
          class="content"
        >
          <div
            class="header"
          >
            Error
          </div>
        </div>
      </div>
      <div
        class="six wide field"
      >
        <label
          for="form-input-professor"
        >
          Professor
        </label>
        <div
          class="ui fluid search"
        >
          <div
            class="ui icon input"
          >
            <input
              aria-invalid="true"
              autocomplete="off"
              class="prompt"
              id="form-input-professor"
              name="professor"
              tabindex="0"
              type="text"
              value=""
            />
            <i
              aria-hidden="true"
              class="search icon"
            />
          </div>
          <div
            class="results transition"
          >
            <div
              class="message empty"
            >
              <div
                class="header"
              >
                No professors found
              </div>
            </div>
          </div>
        </div>
      </div>
      <div
        class="ui section divider"
      />
      <div
        class="field"
      >
        <label
          for="form-input-content"
        >
          Content
        </label>
        <textarea
          aria-invalid="true"
          aria-label="Content"
          id="form-input-content"
          name="content"
          rows="8"
        />
      </div>
      <div
        class="field"
      >
        <label
          for="form-input-workload"
        >
          Workload
        </label>
        <textarea
          aria-invalid="true"
          aria-label="Workload"
          id="form-input-workload"
          name="workload"
          rows="8"
        />
      </div>
      <div
        class="inline unstackable equal width fields"
      >
        <div
          class="field"
        >
          <div
            class="ui radio checkbox"
          >
            <input
              class="hidden"
              id="evaluation-radio-button-1"
              name="evaluation"
              readonly=""
              tabindex="0"
              type="radio"
              value="1"
            />
            <label
              for="evaluation-radio-button-1"
            >
              One of the worst experiences at Columbia. Avoid at all costs
            </label>
          </div>
        </div>
        <div
          class="field"
        >
          <div
            class="ui radio checkbox"
          >
            <input
              class="hidden"
              id="evaluation-radio-button-2"
              name="evaluation"
              readonly=""
              tabindex="0"
              type="radio"
              value="2"
            />
            <label
              for="evaluation-radio-button-2"
            >
              Strong negative experience. Take only if necessary
            </label>
          </div>
        </div>
        <div
          class="field"
        >
          <div
            class="ui radio checkbox"
          >
            <input
              class="hidden"
              id="evaluation-radio-button-3"
              name="evaluation"
              readonly=""
              tabindex="0"
              type="radio"
              value="3"
            />
            <label
              for="evaluation-radio-button-3"
            >
              Both negatives and positives much like life itself
            </label>
          </div>
        </div>
        <div
          class="field"
        >
          <div
            class="ui radio checkbox"
          >
            <input
              class="hidden"
              id="evaluation-radio-button-4"
              name="evaluation"
              readonly=""
              tabindex="0"
              type="radio"
              value="4"
            />
            <label
              for="evaluation-radio-button-4"
            >
              Strong positive experience. Take if possible
            </label>
          </div>
        </div>
        <div
          class="field"
        >
          <div
            class="ui radio checkbox"
          >
            <input
              class="hidden"
              id="evaluation-radio-button-5"
              name="evaluation"
              readonly=""
              tabindex="0"
              type="radio"
              value="5"
            />
            <label
              for="evaluation-radio-button-5"
            >
              A Columbia gem. Life-changing moments await
            </label>
          </div>
        </div>
      </div>
      <button
        class="ui button"
        name="confirmModal"
        type="button"
      >
        SUBMIT
      </button>
    </form>
  </div>,
  "debug": [Function],
  "findAllByAltText": [Function],
  "findAllByDisplayValue": [Function],
  "findAllByLabelText": [Function],
  "findAllByPlaceholderText": [Function],
  "findAllByRole": [Function],
  "findAllByTestId": [Function],
  "findAllByText": [Function],
  "findAllByTitle": [Function],
  "findByAltText": [Function],
  "findByDisplayValue": [Function],
  "findByLabelText": [Function],
  "findByPlaceholderText": [Function],
  "findByRole": [Function],
  "findByTestId": [Function],
  "findByText": [Function],
  "findByTitle": [Function],
  "getAllByAltText": [Function],
  "getAllByDisplayValue": [Function],
  "getAllByLabelText": [Function],
  "getAllByPlaceholderText": [Function],
  "getAllByRole": [Function],
  "getAllByTestId": [Function],
  "getAllByText": [Function],
  "getAllByTitle": [Function],
  "getByAltText": [Function],
  "getByDisplayValue": [Function],
  "getByLabelText": [Function],
  "getByPlaceholderText": [Function],
  "getByRole": [Function],
  "getByTestId": [Function],
  "getByText": [Function],
  "getByTitle": [Function],
  "queryAllByAltText": [Function],
  "queryAllByDisplayValue": [Function],
  "queryAllByLabelText": [Function],
  "queryAllByPlaceholderText": [Function],
  "queryAllByRole": [Function],
  "queryAllByTestId": [Function],
  "queryAllByText": [Function],
  "queryAllByTitle": [Function],
  "queryByAltText": [Function],
  "queryByDisplayValue": [Function],
  "queryByLabelText": [Function],
  "queryByPlaceholderText": [Function],
  "queryByRole": [Function],
  "queryByTestId": [Function],
  "queryByText": [Function],
  "queryByTitle": [Function],
  "rerender": [Function],
  "unmount": [Function],
}
`;
