// Jest Snapshot v1, https://goo.gl/fbAQLP

exports[`Thank you text box snapshot test 1`] = `
Object {
  "asFragment": [Function],
  "baseElement": <body>
    <div>
      <div
        class="ui fluid center aligned container"
        style="margin: 20vh;"
      >
        <div>
          <div
            class="ui huge header"
          >
            Thank you!
          </div>
        </div>
        <div>
          <div
            class="ui header"
          >
            Please save your
            <span
              style="color: rgb(0, 78, 141);"
            >
               Review ID: 
              12345
               
            </span>
            in case you need to refer to your submission in the future.
          </div>
        </div>
        <div>
          <a
            href="/review/submit"
          >
            <button
              class="ui orange huge button relaxed"
            >
              WRITE ANOTHER REVIEW
            </button>
          </a>
          <a
            href="/"
          >
            <button
              class="ui blue huge button relaxed"
            >
              BACK TO HOMEPAGE
            </button>
          </a>
        </div>
      </div>
    </div>
  </body>,
  "container": <div>
    <div
      class="ui fluid center aligned container"
      style="margin: 20vh;"
    >
      <div>
        <div
          class="ui huge header"
        >
          Thank you!
        </div>
      </div>
      <div>
        <div
          class="ui header"
        >
          Please save your
          <span
            style="color: rgb(0, 78, 141);"
          >
             Review ID: 
            12345
             
          </span>
          in case you need to refer to your submission in the future.
        </div>
      </div>
      <div>
        <a
          href="/review/submit"
        >
          <button
            class="ui orange huge button relaxed"
          >
            WRITE ANOTHER REVIEW
          </button>
        </a>
        <a
          href="/"
        >
          <button
            class="ui blue huge button relaxed"
          >
            BACK TO HOMEPAGE
          </button>
        </a>
      </div>
    </div>
  </div>,
  "debug": [Function],
  "findAllByAltText": [Function],
  "findAllByDisplayValue": [Function],
  "findAllByLabelText": [Function],
  "findAllByPlaceholderText": [Function],
  "findAllByRole": [Function],
  "findAllByTestId": [Function],
  "findAllByText": [Function],
  "findAllByTitle": [Function],
  "findByAltText": [Function],
  "findByDisplayValue": [Function],
  "findByLabelText": [Function],
  "findByPlaceholderText": [Function],
  "findByRole": [Function],
  "findByTestId": [Function],
  "findByText": [Function],
  "findByTitle": [Function],
  "getAllByAltText": [Function],
  "getAllByDisplayValue": [Function],
  "getAllByLabelText": [Function],
  "getAllByPlaceholderText": [Function],
  "getAllByRole": [Function],
  "getAllByTestId": [Function],
  "getAllByText": [Function],
  "getAllByTitle": [Function],
  "getByAltText": [Function],
  "getByDisplayValue": [Function],
  "getByLabelText": [Function],
  "getByPlaceholderText": [Function],
  "getByRole": [Function],
  "getByTestId": [Function],
  "getByText": [Function],
  "getByTitle": [Function],
  "queryAllByAltText": [Function],
  "queryAllByDisplayValue": [Function],
  "queryAllByLabelText": [Function],
  "queryAllByPlaceholderText": [Function],
  "queryAllByRole": [Function],
  "queryAllByTestId": [Function],
  "queryAllByText": [Function],
  "queryAllByTitle": [Function],
  "queryByAltText": [Function],
  "queryByDisplayValue": [Function],
  "queryByLabelText": [Function],
  "queryByPlaceholderText": [Function],
  "queryByRole": [Function],
  "queryByTestId": [Function],
  "queryByText": [Function],
  "queryByTitle": [Function],
  "rerender": [Function],
  "unmount": [Function],
}
`;
